// Jest Snapshot v1, https://goo.gl/fbAQLP

exports[`FavoritesInstructions should match the correct snapshot 1`] = `
<div
  className="favoritesInstructions"
>
  <h4>
    No Favorites Yet!
  </h4>
  <p>
    To add a favorite, click on one of the music genres on the left and explore some of the artists. If you like a particlar aritst, click the Favorite button and their info will be saved here for your next visit!
  </p>
</div>
`;
