// Jest Snapshot v1, https://goo.gl/fbAQLP

exports[`Loading should match the correct snapshot 1`] = `
<div>
  <h4>
    Hold Your Horses!
  </h4>
  <p>
    Whoa there, sport! Looks like the interwebs is still loading all these groovy tunes...
  </p>
</div>
`;
